
=== Tue Nov  5 23:10:15 2024

Packages were changed.
Update Mode: updateDependencies

The following packages were updated:
  com.unity.ai.navigation from version 1.1.4 to 1.1.5
  com.unity.cinemachine from version 2.9.7 to 2.10.1
  com.unity.collab-proxy from version 2.0.7 to 2.4.4
  com.unity.ide.rider from version 3.0.24 to 3.0.31
  com.unity.recorder from version 4.0.1 to 4.0.3
  com.unity.terrain-tools from version 5.0.1 to 5.0.5
  com.unity.timeline from version 1.7.5 to 1.7.6
  com.unity.visualscripting from version 1.9.0 to 1.9.4
  com.unity.xr.interaction.toolkit from version 2.5.4 to 2.6.3
  com.unity.xr.oculus from version 4.0.0 to 4.2.0

=== Sun Nov 24 15:38:27 2024

Packages were changed.
Update Mode: updateDependencies

The following packages were updated:
  com.unity.ai.navigation from version 1.1.4 to 1.1.5
  com.unity.cinemachine from version 2.9.7 to 2.10.1
  com.unity.collab-proxy from version 2.0.7 to 2.4.4
  com.unity.ide.rider from version 3.0.24 to 3.0.31
  com.unity.recorder from version 4.0.1 to 4.0.3
  com.unity.terrain-tools from version 5.0.1 to 5.0.5
  com.unity.timeline from version 1.7.5 to 1.7.6
  com.unity.visualscripting from version 1.9.0 to 1.9.4
  com.unity.xr.interaction.toolkit from version 2.5.4 to 2.6.3
  com.unity.xr.oculus from version 4.0.0 to 4.2.0
  com.unity.xr.openxr from version 1.8.2 to 1.12.0
